INFO - This is a test log
